<h2 class="govuk-heading-l" id="bacon-ipsum">Bacon Ipsum</h2>
<p class="govuk-body">Bacon ipsum dolor amet chicken biltong corned beef ground round beef turducken jowl. Picanha capicola andouille pig buffalo beef. <a class="govuk-link" href="/some-link-to-swine-doner-turducken-jerky-drumstick">Swine doner turducken jerky drumstick</a>.</p>
<ul class="govuk-list govuk-list--bullet"><li><p class="govuk-body">Pork chicken short loin shank, jerky pig tongue sausage beef filet mignon ribeye pastrami shoulder shankle.</p></li><li><p class="govuk-body">Landjaeger kielbasa strip steak picanha chicken, sausage cupim tail leberkas. Shank tenderloin chuck frankfurter, ball tip filet mignon sirloin.</p></li></ul>
<ol class="govuk-list govuk-list--number"><li><p class="govuk-body">Drumstick beef filet mignon bresaola, alcatra swine bacon salami meatloaf leberkas shankle ground round jowl.</p></li><li><p class="govuk-body">Brisket fatback pork chop meatball. Buffalo hamburger bresaola, venison t-bone picanha alcatra burgdoggen kevin porchetta sirloin brisket.</p></li></ol>
<p class="govuk-body"></p>
