<h1 class="govuk-heading-xl" id="woof-heading-1">Woof Heading 1</h1>
<h2 class="govuk-heading-l" id="woof-heading-2">Woof Heading 2</h2>
<h3 class="govuk-heading-m" id="woof-heading-3">Woof Heading 3</h3>
<h4 class="govuk-heading-s" id="woof-heading-4">Woof Heading 4</h4>
<p class="govuk-body">Woof. Woof. Woof. This is normal text.</p>
<p class="govuk-body"><b>Woof. Woof. Woof. This is bold text.</b></p>
<p class="govuk-body"><i>Woof. Woof. Woof. This is italic text.</i></p>
<p class="govuk-body"><u>Woof. Woof. Woof. This is underlined text.</u></p>
<p class="govuk-body"><a class="govuk-link" href="https://woof.dog">Woof. Woof. Woof. This is a link.</a></p>
<ul class="govuk-list govuk-list--bullet"><li><p class="govuk-body">Woof. Woof. Woof. This is an unordered list item 1.</p></li><li><p class="govuk-body">Woof. Woof. Woof. This is an unordered list item 2.</p></li><li><p class="govuk-body">Woof. Woof. Woof. This is an unordered list item 3.</p></li></ul>
<ol class="govuk-list govuk-list--number"><li><p class="govuk-body">Woof. Woof. Woof. This is an ordered list item 1.</p></li><li><p class="govuk-body">Woof. Woof. Woof. This is an ordered list item 2.</p></li><li><p class="govuk-body">Woof. Woof. Woof. This is an ordered list item 3.</p></li></ol>
<p class="govuk-body"></p>
