<h1 class="govuk-heading-xl" id="meow-heading-1">Meow Heading 1</h1>
<h2 class="govuk-heading-l" id="meow-heading-2">Meow Heading 2</h2>
<h3 class="govuk-heading-m" id="meow-heading-3">Meow Heading 3</h3>
<h4 class="govuk-heading-s" id="meow-heading-4">Meow Heading 4</h4>
<p class="govuk-body">Meow. Meow. Meow. This is normal text.</p>
<p class="govuk-body"><b>Meow. Meow. Meow. This is bold text.</b></p>
<p class="govuk-body"><i>Meow. Meow. Meow. This is italic text.</i></p>
<p class="govuk-body"><u>Meow. Meow. Meow. This is underlined text.</u></p>
<p class="govuk-body"><a class="govuk-link" href="https://meow.cat">Meow. Meow. Meow. This is a link.</a></p>
<ul class="govuk-list govuk-list--bullet"><li><p class="govuk-body">Meow. Meow. Meow. This is an unordered list item 1.</p></li><li><p class="govuk-body">Meow. Meow. Meow. This is an unordered list item 2.</p></li><li><p class="govuk-body">Meow. Meow. Meow. This is an unordered list item 3.</p></li></ul>
<ol class="govuk-list govuk-list--number"><li><p class="govuk-body">Meow. Meow. Meow. This is an ordered list item 1.</p></li><li><p class="govuk-body">Meow. Meow. Meow. This is an ordered list item 2.</p></li><li><p class="govuk-body">Meow. Meow. Meow. This is an ordered list item 3.</p></li></ol>
<p class="govuk-body"></p>
